<?xml version="1.0" ?>
<!DOCTYPE coverage
  SYSTEM 'http://cobertura.sourceforge.net/xml/coverage-03.dtd'>
<packages>
    <package branch-rate="0" complexity="0" line-rate="1.0" name="">
        <class branch-rate="0" complexity="0"
               filename="base/src/Adder.js" line-rate="1.0"
               name="base/src/Adder.js">
            <methods />
            <lines>
                <line hits="1" number="1" />
                <line hits="1" number="2" />
                <line hits="1" number="3" />
                <line hits="1" number="5" />
                <line hits="1" number="6" />
                <line hits="1" number="9" />
                <line hits="1" number="10" />
            </lines>
        </class>
    </package>
</packages>
