<!DOCTYPE html PUBLIC "-//W3C//DTD HTML 4.01//EN" "http://www.w3.org/TR/html4/strict.dtd">
<html>
    <head>
        <meta http-equiv='Content-Type' content='text/html; charset=utf-8' />
        <title>JavaScript Coverage Report</title>
    </head>
    <body>
        <h1>JavaScript Coverage Report</h1>
        <div class="src">
            <div class="src_desc"><b>Source:</b> base/src/Adder.js (100.0%)</div>
            <div class="src_display">
                <table>
                    <tr><td>1</td><td><pre>function Adder() {</pre></td></tr>
                    <tr><td>2</td><td class="covered"><pre>    this.sum = 0;</pre></td></tr>
                    <tr><td>3</td><td class="covered"><pre>};</pre></td></tr>
                    <tr><td>4</td><td class="covered"><pre></pre></td></tr>
                    <tr><td>5</td><td><pre>Adder.prototype.add = function(num) {</pre></td></tr>
                    <tr><td>6</td><td class="covered"><pre>    this.sum += num;</pre></td></tr>
                    <tr><td>7</td><td class="covered"><pre>};</pre></td></tr>
                    <tr><td>8</td><td><pre></pre></td></tr>
                    <tr><td>9</td><td><pre>Adder.prototype.output = function() {</pre></td></tr>
                    <tr><td>10</td><td class="covered"><pre>    $('#adder_output').html(this.sum)</pre></td></tr>
                    <tr><td>11</td><td class="covered"><pre>}</pre></td></tr>
                </table>
            </div>
        </div>
        <div class="summary">
            <h2>Summary</h2>
            <p><b>Total coverage</b>: 100.0%</p>
        </div>
    </body>
</html>
