=======================
JavaScript test results
=======================
Browser: firefox
-----------------------
..


-----------------------
Failed:  0
Error:   0
Skipped: 0
Passed:  2
=======================
=======================
Browser: phantomjs
-----------------------
..


-----------------------
Failed:  0
Error:   0
Skipped: 0
Passed:  2
=======================
