=======================
JavaScript test results
=======================
Browser: firefox
-----------------------
...F

Adder: should output to the DOM [fail]
    Expected '' to equal '3'.


-----------------------
Failed:  1
Error:   0
Skipped: 0
Passed:  3
=======================
=======================
Browser: phantomjs
-----------------------
...F

Adder: should output to the DOM [fail]
    Expected '' to equal '3'.


-----------------------
Failed:  1
Error:   0
Skipped: 0
Passed:  3
=======================
